contig_1	17.0934
contig_2	17.1014
contig_3	16.9199
